--------------------------------------------------------------------------------------
Timing Analyzer Summary
--------------------------------------------------------------------------------------

Type           : Worst-case tsu
Slack          : N/A
Required Time  : None
Actual Time    : 160.700 ns
From           : alu_sel[1]
To             : exp_alu:inst1|dr2[7]
From Clock     : --
To Clock       : t2
Failed Paths   : 0

Type           : Worst-case tco
Slack          : N/A
Required Time  : None
Actual Time    : 184.900 ns
From           : exp_alu:inst1|dr1[0]
To             : d[7]
From Clock     : t2
To Clock       : --
Failed Paths   : 0

Type           : Worst-case tpd
Slack          : N/A
Required Time  : None
Actual Time    : 173.400 ns
From           : alu_sel[1]
To             : d[7]
From Clock     : --
To Clock       : --
Failed Paths   : 0

Type           : Worst-case th
Slack          : N/A
Required Time  : None
Actual Time    : -1.100 ns
From           : k[5]
To             : exp_alu:inst1|r5[5]
From Clock     : --
To Clock       : t2
Failed Paths   : 0

Type           : Clock Setup: 't2'
Slack          : N/A
Required Time  : None
Actual Time    : 5.81 MHz ( period = 172.200 ns )
From           : exp_alu:inst1|dr1[0]
To             : exp_alu:inst1|dr2[7]
From Clock     : t2
To Clock       : t2
Failed Paths   : 0

Type           : Clock Setup: 't3'
Slack          : N/A
Required Time  : None
Actual Time    : 82.64 MHz ( period = 12.100 ns )
From           : Block1:inst|cunchuqi:inst|lpm_counter:pc_rtl_0|alt_counter_f10ke:wysi_counter|counter_cell[4]
To             : Block1:inst|cunchuqi:inst|lpm_counter:pc_rtl_0|alt_counter_f10ke:wysi_counter|counter_cell[4]
From Clock     : t3
To Clock       : t3
Failed Paths   : 0

Type           : Total number of failed paths
Slack          : 
Required Time  : 
Actual Time    : 
From           : 
To             : 
From Clock     : 
To Clock       : 
Failed Paths   : 0

--------------------------------------------------------------------------------------

